// Jest Snapshot v1, https://goo.gl/fbAQLP

exports[`WeekComponent Renders 1`] = `
<app-week
  __ngContext__="0"
  dateTimeService={[Function DateTimeService]}
  route={[Function Object]}
  routeParamMapSub={[Function SafeSubscriber]}
  testIds={[Function Object]}
  userApiService={[Function UserApiService]}
>
  <div
    class="root"
    data-test-id="week"
  >
    <app-sidebar />
  </div>
</app-week>
`;
